Flow report for dcj11_helloworld
Fri Jun 26 22:25:05 2026
Quartus Prime Version 18.1.0 Build 625 09/12/2018 SJ Standard Edition


---------------------
; Table of Contents ;
---------------------
  1. Legal Notice
  2. Flow Summary
  3. Flow Settings
  4. Flow Non-Default Global Settings
  5. Flow Elapsed Time
  6. Flow OS Summary
  7. Flow Log
  8. Flow Messages
  9. Flow Suppressed Messages



----------------
; Legal Notice ;
----------------
Copyright (C) 2018  Intel Corporation. All rights reserved.
Your use of Intel Corporation's design tools, logic functions 
and other software and tools, and its AMPP partner logic 
functions, and any output files from any of the foregoing 
(including device programming or simulation files), and any 
associated documentation or information are expressly subject 
to the terms and conditions of the Intel Program License 
Subscription Agreement, the Intel Quartus Prime License Agreement,
the Intel FPGA IP License Agreement, or other applicable license
agreement, including, without limitation, that your use is for
the sole purpose of programming logic devices manufactured by
Intel and sold by Intel or its authorized distributors.  Please
refer to the applicable agreement for further details.



+--------------------------------------------------------------------------------------+
; Flow Summary                                                                         ;
+------------------------------------+-------------------------------------------------+
; Flow Status                        ; Successful - Fri Jun 26 22:25:00 2026           ;
; Quartus Prime Version              ; 18.1.0 Build 625 09/12/2018 SJ Standard Edition ;
; Revision Name                      ; dcj11_helloworld                                ;
; Top-level Entity Name              ; top                                             ;
; Family                             ; Cyclone IV E                                    ;
; Device                             ; EP4CE15F23C8                                    ;
; Timing Models                      ; Final                                           ;
; Total logic elements               ; 2,927 / 15,408 ( 19 % )                         ;
;     Total combinational functions  ; 2,040 / 15,408 ( 13 % )                         ;
;     Dedicated logic registers      ; 2,105 / 15,408 ( 14 % )                         ;
; Total registers                    ; 2105                                            ;
; Total pins                         ; 97 / 344 ( 28 % )                               ;
; Total virtual pins                 ; 0                                               ;
; Total memory bits                  ; 287,232 / 516,096 ( 56 % )                      ;
; Embedded Multiplier 9-bit elements ; 0 / 112 ( 0 % )                                 ;
; Total PLLs                         ; 0 / 4 ( 0 % )                                   ;
+------------------------------------+-------------------------------------------------+


+-----------------------------------------+
; Flow Settings                           ;
+-------------------+---------------------+
; Option            ; Setting             ;
+-------------------+---------------------+
; Start date & time ; 06/26/2026 09:41:24 ;
; Main task         ; Compilation         ;
; Revision Name     ; dcj11_helloworld    ;
+-------------------+---------------------+


+------------------------------------------------------------------------------------------------------------------------------------------------------------------------------------------------------------------------------------------------------------------------------------------------------------------------------------------------------------------------------------------------------------------------------------------------------------------------------------------------------------------------------------------------------------------+
; Flow Non-Default Global Settings                                                                                                                                                                                                                                                                                                                                                                                                                                                                                                                                 ;
+-------------------------------------+------------------------------------------------------------------------------------------------------------------------------------------------------------------------------------------------------------------------------------------------------------------------------------------------------------------------------------------------------------------------------------------------------------------------------------------------------------------------+------------------+-------------+------------------+
; Assignment Name                     ; Value                                                                                                                                                                                                                                                                                                                                                                                                                                                                  ; Default Value    ; Entity Name ; Section Id       ;
+-------------------------------------+------------------------------------------------------------------------------------------------------------------------------------------------------------------------------------------------------------------------------------------------------------------------------------------------------------------------------------------------------------------------------------------------------------------------------------------------------------------------+------------------+-------------+------------------+
; COMPILER_SIGNATURE_ID               ; 156950652984171.178243808400424                                                                                                                                                                                                                                                                                                                                                                                                                                        ; --               ; --          ; --               ;
; ENABLE_SIGNALTAP                    ; On                                                                                                                                                                                                                                                                                                                                                                                                                                                                     ; --               ; --          ; --               ;
; MAX_CORE_JUNCTION_TEMP              ; 85                                                                                                                                                                                                                                                                                                                                                                                                                                                                     ; --               ; --          ; --               ;
; MIN_CORE_JUNCTION_TEMP              ; 0                                                                                                                                                                                                                                                                                                                                                                                                                                                                      ; --               ; --          ; --               ;
; NOMINAL_CORE_SUPPLY_VOLTAGE         ; 1.2V                                                                                                                                                                                                                                                                                                                                                                                                                                                                   ; --               ; --          ; --               ;
; OUTPUT_IO_TIMING_FAR_END_VMEAS      ; Half Signal Swing                                                                                                                                                                                                                                                                                                                                                                                                                                                      ; --               ; --          ; --               ;
; OUTPUT_IO_TIMING_FAR_END_VMEAS      ; Half Signal Swing                                                                                                                                                                                                                                                                                                                                                                                                                                                      ; --               ; --          ; --               ;
; OUTPUT_IO_TIMING_NEAR_END_VMEAS     ; Half Vccio                                                                                                                                                                                                                                                                                                                                                                                                                                                             ; --               ; --          ; --               ;
; OUTPUT_IO_TIMING_NEAR_END_VMEAS     ; Half Vccio                                                                                                                                                                                                                                                                                                                                                                                                                                                             ; --               ; --          ; --               ;
; PARTITION_COLOR                     ; -- (Not supported for targeted family)                                                                                                                                                                                                                                                                                                                                                                                                                                 ; --               ; top         ; Top              ;
; PARTITION_FITTER_PRESERVATION_LEVEL ; -- (Not supported for targeted family)                                                                                                                                                                                                                                                                                                                                                                                                                                 ; --               ; top         ; Top              ;
; PARTITION_NETLIST_TYPE              ; -- (Not supported for targeted family)                                                                                                                                                                                                                                                                                                                                                                                                                                 ; --               ; top         ; Top              ;
; POWER_BOARD_THERMAL_MODEL           ; None (CONSERVATIVE)                                                                                                                                                                                                                                                                                                                                                                                                                                                    ; --               ; --          ; --               ;
; POWER_PRESET_COOLING_SOLUTION       ; 23 MM HEAT SINK WITH 200 LFPM AIRFLOW                                                                                                                                                                                                                                                                                                                                                                                                                                  ; --               ; --          ; --               ;
; PROJECT_OUTPUT_DIRECTORY            ; output_files                                                                                                                                                                                                                                                                                                                                                                                                                                                           ; --               ; --          ; --               ;
; SLD_FILE                            ; db/stp1_auto_stripped.stp                                                                                                                                                                                                                                                                                                                                                                                                                                              ; --               ; --          ; --               ;
; SLD_NODE_CREATOR_ID                 ; 110                                                                                                                                                                                                                                                                                                                                                                                                                                                                    ; --               ; --          ; auto_signaltap_0 ;
; SLD_NODE_ENTITY_NAME                ; sld_signaltap                                                                                                                                                                                                                                                                                                                                                                                                                                                          ; --               ; --          ; auto_signaltap_0 ;
; SLD_NODE_PARAMETER_ASSIGNMENT       ; SLD_RAM_BLOCK_TYPE=AUTO                                                                                                                                                                                                                                                                                                                                                                                                                                                ; --               ; --          ; auto_signaltap_0 ;
; SLD_NODE_PARAMETER_ASSIGNMENT       ; SLD_DATA_BITS=68                                                                                                                                                                                                                                                                                                                                                                                                                                                       ; --               ; --          ; auto_signaltap_0 ;
; SLD_NODE_PARAMETER_ASSIGNMENT       ; SLD_TRIGGER_BITS=68                                                                                                                                                                                                                                                                                                                                                                                                                                                    ; --               ; --          ; auto_signaltap_0 ;
; SLD_NODE_PARAMETER_ASSIGNMENT       ; SLD_STORAGE_QUALIFIER_BITS=68                                                                                                                                                                                                                                                                                                                                                                                                                                          ; --               ; --          ; auto_signaltap_0 ;
; SLD_NODE_PARAMETER_ASSIGNMENT       ; SLD_NODE_INFO=805334528                                                                                                                                                                                                                                                                                                                                                                                                                                                ; --               ; --          ; auto_signaltap_0 ;
; SLD_NODE_PARAMETER_ASSIGNMENT       ; SLD_POWER_UP_TRIGGER=0                                                                                                                                                                                                                                                                                                                                                                                                                                                 ; --               ; --          ; auto_signaltap_0 ;
; SLD_NODE_PARAMETER_ASSIGNMENT       ; SLD_SEGMENT_SIZE=4096                                                                                                                                                                                                                                                                                                                                                                                                                                                  ; --               ; --          ; auto_signaltap_0 ;
; SLD_NODE_PARAMETER_ASSIGNMENT       ; SLD_ATTRIBUTE_MEM_MODE=OFF                                                                                                                                                                                                                                                                                                                                                                                                                                             ; --               ; --          ; auto_signaltap_0 ;
; SLD_NODE_PARAMETER_ASSIGNMENT       ; SLD_STATE_FLOW_USE_GENERATED=0                                                                                                                                                                                                                                                                                                                                                                                                                                         ; --               ; --          ; auto_signaltap_0 ;
; SLD_NODE_PARAMETER_ASSIGNMENT       ; SLD_STATE_BITS=11                                                                                                                                                                                                                                                                                                                                                                                                                                                      ; --               ; --          ; auto_signaltap_0 ;
; SLD_NODE_PARAMETER_ASSIGNMENT       ; SLD_BUFFER_FULL_STOP=1                                                                                                                                                                                                                                                                                                                                                                                                                                                 ; --               ; --          ; auto_signaltap_0 ;
; SLD_NODE_PARAMETER_ASSIGNMENT       ; SLD_CURRENT_RESOURCE_WIDTH=1                                                                                                                                                                                                                                                                                                                                                                                                                                           ; --               ; --          ; auto_signaltap_0 ;
; SLD_NODE_PARAMETER_ASSIGNMENT       ; SLD_INCREMENTAL_ROUTING=1                                                                                                                                                                                                                                                                                                                                                                                                                                              ; --               ; --          ; auto_signaltap_0 ;
; SLD_NODE_PARAMETER_ASSIGNMENT       ; SLD_TRIGGER_LEVEL=1                                                                                                                                                                                                                                                                                                                                                                                                                                                    ; --               ; --          ; auto_signaltap_0 ;
; SLD_NODE_PARAMETER_ASSIGNMENT       ; SLD_SAMPLE_DEPTH=4096                                                                                                                                                                                                                                                                                                                                                                                                                                                  ; --               ; --          ; auto_signaltap_0 ;
; SLD_NODE_PARAMETER_ASSIGNMENT       ; SLD_TRIGGER_IN_ENABLED=0                                                                                                                                                                                                                                                                                                                                                                                                                                               ; --               ; --          ; auto_signaltap_0 ;
; SLD_NODE_PARAMETER_ASSIGNMENT       ; SLD_TRIGGER_PIPELINE=0                                                                                                                                                                                                                                                                                                                                                                                                                                                 ; --               ; --          ; auto_signaltap_0 ;
; SLD_NODE_PARAMETER_ASSIGNMENT       ; SLD_RAM_PIPELINE=0                                                                                                                                                                                                                                                                                                                                                                                                                                                     ; --               ; --          ; auto_signaltap_0 ;
; SLD_NODE_PARAMETER_ASSIGNMENT       ; SLD_COUNTER_PIPELINE=0                                                                                                                                                                                                                                                                                                                                                                                                                                                 ; --               ; --          ; auto_signaltap_0 ;
; SLD_NODE_PARAMETER_ASSIGNMENT       ; SLD_ADVANCED_TRIGGER_ENTITY=basic,1,                                                                                                                                                                                                                                                                                                                                                                                                                                   ; --               ; --          ; auto_signaltap_0 ;
; SLD_NODE_PARAMETER_ASSIGNMENT       ; SLD_TRIGGER_LEVEL_PIPELINE=1                                                                                                                                                                                                                                                                                                                                                                                                                                           ; --               ; --          ; auto_signaltap_0 ;
; SLD_NODE_PARAMETER_ASSIGNMENT       ; SLD_ENABLE_ADVANCED_TRIGGER=0                                                                                                                                                                                                                                                                                                                                                                                                                                          ; --               ; --          ; auto_signaltap_0 ;
; SLD_NODE_PARAMETER_ASSIGNMENT       ; SLD_STORAGE_QUALIFIER_GAP_RECORD=1                                                                                                                                                                                                                                                                                                                                                                                                                                     ; --               ; --          ; auto_signaltap_0 ;
; SLD_NODE_PARAMETER_ASSIGNMENT       ; SLD_STORAGE_QUALIFIER_ENABLE_ADVANCED_CONDITION=0                                                                                                                                                                                                                                                                                                                                                                                                                      ; --               ; --          ; auto_signaltap_0 ;
; SLD_NODE_PARAMETER_ASSIGNMENT       ; SLD_STORAGE_QUALIFIER_PIPELINE=1                                                                                                                                                                                                                                                                                                                                                                                                                                       ; --               ; --          ; auto_signaltap_0 ;
; SLD_NODE_PARAMETER_ASSIGNMENT       ; SLD_INVERSION_MASK=000000000000000000000000000000000000000000000000000000000000000000000000000000000000000000000000000000000000000000000000000000000000000000000000000000000000000000000000000000000000000000000000000000000000000000000000000000000000000000000000000000000000000000000000000000000000000000000000000000000000000000000000000000000000000000000000000000000000000000000000000000000000000000000000000000000000000000000000000000000000000000000000000 ; --               ; --          ; auto_signaltap_0 ;
; SLD_NODE_PARAMETER_ASSIGNMENT       ; SLD_INVERSION_MASK_LENGTH=435                                                                                                                                                                                                                                                                                                                                                                                                                                          ; --               ; --          ; auto_signaltap_0 ;
; SLD_NODE_PARAMETER_ASSIGNMENT       ; SLD_STORAGE_QUALIFIER_INVERSION_MASK_LENGTH=205                                                                                                                                                                                                                                                                                                                                                                                                                        ; --               ; --          ; auto_signaltap_0 ;
; SLD_NODE_PARAMETER_ASSIGNMENT       ; SLD_STORAGE_QUALIFIER_MODE=COMBINATIONAL                                                                                                                                                                                                                                                                                                                                                                                                                               ; --               ; --          ; auto_signaltap_0 ;
; SLD_NODE_PARAMETER_ASSIGNMENT       ; SLD_STORAGE_QUALIFIER_ADVANCED_CONDITION_ENTITY=basic,1,                                                                                                                                                                                                                                                                                                                                                                                                               ; --               ; --          ; auto_signaltap_0 ;
; TOP_LEVEL_ENTITY                    ; top                                                                                                                                                                                                                                                                                                                                                                                                                                                                    ; dcj11_helloworld ; --          ; --               ;
; USE_SIGNALTAP_FILE                  ; task7_sram_2kb_hello/stp1.stp                                                                                                                                                                                                                                                                                                                                                                                                                                          ; --               ; --          ; --               ;
+-------------------------------------+------------------------------------------------------------------------------------------------------------------------------------------------------------------------------------------------------------------------------------------------------------------------------------------------------------------------------------------------------------------------------------------------------------------------------------------------------------------------+------------------+-------------+------------------+


+--------------------------------------------------------------------------------------------------------------------------+
; Flow Elapsed Time                                                                                                        ;
+----------------------+--------------+-------------------------+---------------------+------------------------------------+
; Module Name          ; Elapsed Time ; Average Processors Used ; Peak Virtual Memory ; Total CPU Time (on all processors) ;
+----------------------+--------------+-------------------------+---------------------+------------------------------------+
; Analysis & Synthesis ; 00:00:39     ; 1.0                     ; 734 MB              ; 00:00:00                           ;
; Fitter               ; 00:00:09     ; 1.3                     ; 893 MB              ; 00:00:00                           ;
; Assembler            ; 00:00:01     ; 1.0                     ; 580 MB              ; 00:00:01                           ;
; Timing Analyzer      ; 00:00:03     ; 1.7                     ; 634 MB              ; 00:00:03                           ;
; Analysis & Synthesis ; 00:00:42     ; 1.4                     ; 718 MB              ; 00:00:00                           ;
; Partition Merge      ; 00:00:02     ; 1.0                     ; 546 MB              ; 00:00:00                           ;
; Fitter               ; 00:00:09     ; 1.3                     ; 892 MB              ; 00:00:00                           ;
; Assembler            ; 00:00:02     ; 1.0                     ; 578 MB              ; 00:00:01                           ;
; Timing Analyzer      ; 00:00:02     ; 1.7                     ; 627 MB              ; 00:00:03                           ;
; Analysis & Synthesis ; 00:00:37     ; 1.0                     ; 739 MB              ; 00:00:00                           ;
; Partition Merge      ; 00:00:01     ; 1.0                     ; 543 MB              ; 00:00:00                           ;
; Fitter               ; 00:00:09     ; 1.3                     ; 891 MB              ; 00:00:00                           ;
; Assembler            ; 00:00:01     ; 1.0                     ; 579 MB              ; 00:00:01                           ;
; Timing Analyzer      ; 00:00:03     ; 1.7                     ; 630 MB              ; 00:00:03                           ;
; Analysis & Synthesis ; 00:00:36     ; 1.0                     ; 715 MB              ; 00:00:00                           ;
; Partition Merge      ; 00:00:02     ; 1.0                     ; 552 MB              ; 00:00:00                           ;
; Fitter               ; 00:00:09     ; 1.3                     ; 902 MB              ; 00:00:00                           ;
; Assembler            ; 00:00:02     ; 1.0                     ; 579 MB              ; 00:00:01                           ;
; Timing Analyzer      ; 00:00:03     ; 1.6                     ; 626 MB              ; 00:00:03                           ;
; Analysis & Synthesis ; 00:00:36     ; 1.0                     ; 716 MB              ; 00:00:00                           ;
; Partition Merge      ; 00:00:02     ; 1.0                     ; 553 MB              ; 00:00:00                           ;
; Fitter               ; 00:00:09     ; 1.3                     ; 902 MB              ; 00:00:00                           ;
; Assembler            ; 00:00:01     ; 1.0                     ; 578 MB              ; 00:00:01                           ;
; Timing Analyzer      ; 00:00:03     ; 1.6                     ; 631 MB              ; 00:00:03                           ;
; Analysis & Synthesis ; 00:00:39     ; 1.0                     ; 735 MB              ; 00:00:00                           ;
; Partition Merge      ; 00:00:01     ; 1.0                     ; 543 MB              ; 00:00:00                           ;
; Fitter               ; 00:00:09     ; 1.3                     ; 900 MB              ; 00:00:00                           ;
; Assembler            ; 00:00:01     ; 1.0                     ; 579 MB              ; 00:00:01                           ;
; Timing Analyzer      ; 00:00:03     ; 1.7                     ; 629 MB              ; 00:00:03                           ;
; Analysis & Synthesis ; 00:00:38     ; 1.0                     ; 737 MB              ; 00:00:00                           ;
; Partition Merge      ; 00:00:01     ; 1.0                     ; 543 MB              ; 00:00:00                           ;
; Fitter               ; 00:00:08     ; 1.3                     ; 900 MB              ; 00:00:00                           ;
; Assembler            ; 00:00:02     ; 1.0                     ; 577 MB              ; 00:00:01                           ;
; Timing Analyzer      ; 00:00:02     ; 1.6                     ; 631 MB              ; 00:00:03                           ;
; Analysis & Synthesis ; 00:00:40     ; 1.0                     ; 745 MB              ; 00:00:00                           ;
; Partition Merge      ; 00:00:01     ; 1.0                     ; 544 MB              ; 00:00:00                           ;
; Fitter               ; 00:00:10     ; 1.3                     ; 898 MB              ; 00:00:00                           ;
; Assembler            ; 00:00:01     ; 1.0                     ; 579 MB              ; 00:00:01                           ;
; Timing Analyzer      ; 00:00:03     ; 1.6                     ; 630 MB              ; 00:00:03                           ;
; Analysis & Synthesis ; 00:00:40     ; 1.0                     ; 741 MB              ; 00:00:00                           ;
; Partition Merge      ; 00:00:02     ; 1.0                     ; 543 MB              ; 00:00:00                           ;
; Fitter               ; 00:00:09     ; 1.3                     ; 899 MB              ; 00:00:00                           ;
; Assembler            ; 00:00:02     ; 1.0                     ; 579 MB              ; 00:00:01                           ;
; Timing Analyzer      ; 00:00:03     ; 1.7                     ; 626 MB              ; 00:00:03                           ;
; Analysis & Synthesis ; 00:00:39     ; 1.0                     ; 737 MB              ; 00:00:00                           ;
; Partition Merge      ; 00:00:02     ; 1.0                     ; 544 MB              ; 00:00:00                           ;
; Fitter               ; 00:00:09     ; 1.3                     ; 896 MB              ; 00:00:00                           ;
; Assembler            ; 00:00:01     ; 1.0                     ; 578 MB              ; 00:00:01                           ;
; Timing Analyzer      ; 00:00:03     ; 1.7                     ; 629 MB              ; 00:00:03                           ;
; Analysis & Synthesis ; 00:00:39     ; 1.0                     ; 736 MB              ; 00:00:00                           ;
; Partition Merge      ; 00:00:01     ; 1.0                     ; 543 MB              ; 00:00:00                           ;
; Fitter               ; 00:00:09     ; 1.3                     ; 904 MB              ; 00:00:00                           ;
; Assembler            ; 00:00:02     ; 1.0                     ; 579 MB              ; 00:00:01                           ;
; Timing Analyzer      ; 00:00:03     ; 1.7                     ; 628 MB              ; 00:00:03                           ;
; Analysis & Synthesis ; 00:00:17     ; 1.0                     ; 578 MB              ; 00:00:00                           ;
; Analysis & Synthesis ; 00:00:40     ; 1.0                     ; 737 MB              ; 00:00:00                           ;
; Partition Merge      ; 00:00:01     ; 1.0                     ; 544 MB              ; 00:00:00                           ;
; Fitter               ; 00:00:09     ; 1.3                     ; 900 MB              ; 00:00:00                           ;
; Assembler            ; 00:00:02     ; 1.0                     ; 583 MB              ; 00:00:01                           ;
; Timing Analyzer      ; 00:00:03     ; 1.7                     ; 638 MB              ; 00:00:03                           ;
; Analysis & Synthesis ; 00:00:39     ; 1.0                     ; 734 MB              ; 00:00:00                           ;
; Partition Merge      ; 00:00:02     ; 1.0                     ; 544 MB              ; 00:00:00                           ;
; Fitter               ; 00:00:09     ; 1.3                     ; 901 MB              ; 00:00:00                           ;
; Assembler            ; 00:00:01     ; 1.0                     ; 583 MB              ; 00:00:01                           ;
; Timing Analyzer      ; 00:00:03     ; 1.7                     ; 631 MB              ; 00:00:03                           ;
; Analysis & Synthesis ; 00:00:38     ; 1.0                     ; 736 MB              ; 00:00:00                           ;
; Partition Merge      ; 00:00:01     ; 1.0                     ; 544 MB              ; 00:00:00                           ;
; Fitter               ; 00:00:09     ; 1.3                     ; 904 MB              ; 00:00:00                           ;
; Assembler            ; 00:00:01     ; 1.0                     ; 578 MB              ; 00:00:01                           ;
; Timing Analyzer      ; 00:00:03     ; 1.6                     ; 634 MB              ; 00:00:03                           ;
; Total                ; 00:12:44     ; --                      ; --                  ; 00:00:56                           ;
+----------------------+--------------+-------------------------+---------------------+------------------------------------+


+------------------------------------------------------------------------------------+
; Flow OS Summary                                                                    ;
+----------------------+------------------+------------+------------+----------------+
; Module Name          ; Machine Hostname ; OS Name    ; OS Version ; Processor type ;
+----------------------+------------------+------------+------------+----------------+
; Analysis & Synthesis ; RyuZU            ; Windows 10 ; 10.0       ; x86_64         ;
; Fitter               ; RyuZU            ; Windows 10 ; 10.0       ; x86_64         ;
; Assembler            ; RyuZU            ; Windows 10 ; 10.0       ; x86_64         ;
; Timing Analyzer      ; RyuZU            ; Windows 10 ; 10.0       ; x86_64         ;
; Analysis & Synthesis ; RyuZU            ; Windows 10 ; 10.0       ; x86_64         ;
; Partition Merge      ; RyuZU            ; Windows 10 ; 10.0       ; x86_64         ;
; Fitter               ; RyuZU            ; Windows 10 ; 10.0       ; x86_64         ;
; Assembler            ; RyuZU            ; Windows 10 ; 10.0       ; x86_64         ;
; Timing Analyzer      ; RyuZU            ; Windows 10 ; 10.0       ; x86_64         ;
; Analysis & Synthesis ; RyuZU            ; Windows 10 ; 10.0       ; x86_64         ;
; Partition Merge      ; RyuZU            ; Windows 10 ; 10.0       ; x86_64         ;
; Fitter               ; RyuZU            ; Windows 10 ; 10.0       ; x86_64         ;
; Assembler            ; RyuZU            ; Windows 10 ; 10.0       ; x86_64         ;
; Timing Analyzer      ; RyuZU            ; Windows 10 ; 10.0       ; x86_64         ;
; Analysis & Synthesis ; RyuZU            ; Windows 10 ; 10.0       ; x86_64         ;
; Partition Merge      ; RyuZU            ; Windows 10 ; 10.0       ; x86_64         ;
; Fitter               ; RyuZU            ; Windows 10 ; 10.0       ; x86_64         ;
; Assembler            ; RyuZU            ; Windows 10 ; 10.0       ; x86_64         ;
; Timing Analyzer      ; RyuZU            ; Windows 10 ; 10.0       ; x86_64         ;
; Analysis & Synthesis ; RyuZU            ; Windows 10 ; 10.0       ; x86_64         ;
; Partition Merge      ; RyuZU            ; Windows 10 ; 10.0       ; x86_64         ;
; Fitter               ; RyuZU            ; Windows 10 ; 10.0       ; x86_64         ;
; Assembler            ; RyuZU            ; Windows 10 ; 10.0       ; x86_64         ;
; Timing Analyzer      ; RyuZU            ; Windows 10 ; 10.0       ; x86_64         ;
; Analysis & Synthesis ; RyuZU            ; Windows 10 ; 10.0       ; x86_64         ;
; Partition Merge      ; RyuZU            ; Windows 10 ; 10.0       ; x86_64         ;
; Fitter               ; RyuZU            ; Windows 10 ; 10.0       ; x86_64         ;
; Assembler            ; RyuZU            ; Windows 10 ; 10.0       ; x86_64         ;
; Timing Analyzer      ; RyuZU            ; Windows 10 ; 10.0       ; x86_64         ;
; Analysis & Synthesis ; RyuZU            ; Windows 10 ; 10.0       ; x86_64         ;
; Partition Merge      ; RyuZU            ; Windows 10 ; 10.0       ; x86_64         ;
; Fitter               ; RyuZU            ; Windows 10 ; 10.0       ; x86_64         ;
; Assembler            ; RyuZU            ; Windows 10 ; 10.0       ; x86_64         ;
; Timing Analyzer      ; RyuZU            ; Windows 10 ; 10.0       ; x86_64         ;
; Analysis & Synthesis ; RyuZU            ; Windows 10 ; 10.0       ; x86_64         ;
; Partition Merge      ; RyuZU            ; Windows 10 ; 10.0       ; x86_64         ;
; Fitter               ; RyuZU            ; Windows 10 ; 10.0       ; x86_64         ;
; Assembler            ; RyuZU            ; Windows 10 ; 10.0       ; x86_64         ;
; Timing Analyzer      ; RyuZU            ; Windows 10 ; 10.0       ; x86_64         ;
; Analysis & Synthesis ; RyuZU            ; Windows 10 ; 10.0       ; x86_64         ;
; Partition Merge      ; RyuZU            ; Windows 10 ; 10.0       ; x86_64         ;
; Fitter               ; RyuZU            ; Windows 10 ; 10.0       ; x86_64         ;
; Assembler            ; RyuZU            ; Windows 10 ; 10.0       ; x86_64         ;
; Timing Analyzer      ; RyuZU            ; Windows 10 ; 10.0       ; x86_64         ;
; Analysis & Synthesis ; RyuZU            ; Windows 10 ; 10.0       ; x86_64         ;
; Partition Merge      ; RyuZU            ; Windows 10 ; 10.0       ; x86_64         ;
; Fitter               ; RyuZU            ; Windows 10 ; 10.0       ; x86_64         ;
; Assembler            ; RyuZU            ; Windows 10 ; 10.0       ; x86_64         ;
; Timing Analyzer      ; RyuZU            ; Windows 10 ; 10.0       ; x86_64         ;
; Analysis & Synthesis ; RyuZU            ; Windows 10 ; 10.0       ; x86_64         ;
; Partition Merge      ; RyuZU            ; Windows 10 ; 10.0       ; x86_64         ;
; Fitter               ; RyuZU            ; Windows 10 ; 10.0       ; x86_64         ;
; Assembler            ; RyuZU            ; Windows 10 ; 10.0       ; x86_64         ;
; Timing Analyzer      ; RyuZU            ; Windows 10 ; 10.0       ; x86_64         ;
; Analysis & Synthesis ; RyuZU            ; Windows 10 ; 10.0       ; x86_64         ;
; Analysis & Synthesis ; RyuZU            ; Windows 10 ; 10.0       ; x86_64         ;
; Partition Merge      ; RyuZU            ; Windows 10 ; 10.0       ; x86_64         ;
; Fitter               ; RyuZU            ; Windows 10 ; 10.0       ; x86_64         ;
; Assembler            ; RyuZU            ; Windows 10 ; 10.0       ; x86_64         ;
; Timing Analyzer      ; RyuZU            ; Windows 10 ; 10.0       ; x86_64         ;
; Analysis & Synthesis ; RyuZU            ; Windows 10 ; 10.0       ; x86_64         ;
; Partition Merge      ; RyuZU            ; Windows 10 ; 10.0       ; x86_64         ;
; Fitter               ; RyuZU            ; Windows 10 ; 10.0       ; x86_64         ;
; Assembler            ; RyuZU            ; Windows 10 ; 10.0       ; x86_64         ;
; Timing Analyzer      ; RyuZU            ; Windows 10 ; 10.0       ; x86_64         ;
; Analysis & Synthesis ; RyuZU            ; Windows 10 ; 10.0       ; x86_64         ;
; Partition Merge      ; RyuZU            ; Windows 10 ; 10.0       ; x86_64         ;
; Fitter               ; RyuZU            ; Windows 10 ; 10.0       ; x86_64         ;
; Assembler            ; RyuZU            ; Windows 10 ; 10.0       ; x86_64         ;
; Timing Analyzer      ; RyuZU            ; Windows 10 ; 10.0       ; x86_64         ;
+----------------------+------------------+------------+------------+----------------+


------------
; Flow Log ;
------------
quartus_map --read_settings_files=on --write_settings_files=off dcj11_helloworld -c dcj11_helloworld
quartus_fit --read_settings_files=off --write_settings_files=off dcj11_helloworld -c dcj11_helloworld
quartus_asm --read_settings_files=off --write_settings_files=off dcj11_helloworld -c dcj11_helloworld
quartus_sta dcj11_helloworld -c dcj11_helloworld
quartus_map --read_settings_files=on --write_settings_files=off dcj11_helloworld -c dcj11_helloworld
quartus_cdb --read_settings_files=off --write_settings_files=off dcj11_helloworld -c dcj11_helloworld --merge=on
quartus_fit --read_settings_files=off --write_settings_files=off dcj11_helloworld -c dcj11_helloworld
quartus_asm --read_settings_files=off --write_settings_files=off dcj11_helloworld -c dcj11_helloworld
quartus_sta dcj11_helloworld -c dcj11_helloworld
quartus_map --read_settings_files=on --write_settings_files=off dcj11_helloworld -c dcj11_helloworld
quartus_cdb --read_settings_files=off --write_settings_files=off dcj11_helloworld -c dcj11_helloworld --merge=on
quartus_fit --read_settings_files=off --write_settings_files=off dcj11_helloworld -c dcj11_helloworld
quartus_asm --read_settings_files=off --write_settings_files=off dcj11_helloworld -c dcj11_helloworld
quartus_sta dcj11_helloworld -c dcj11_helloworld
quartus_map --read_settings_files=on --write_settings_files=off dcj11_helloworld -c dcj11_helloworld
quartus_cdb --read_settings_files=off --write_settings_files=off dcj11_helloworld -c dcj11_helloworld --merge=on
quartus_fit --read_settings_files=off --write_settings_files=off dcj11_helloworld -c dcj11_helloworld
quartus_asm --read_settings_files=off --write_settings_files=off dcj11_helloworld -c dcj11_helloworld
quartus_sta dcj11_helloworld -c dcj11_helloworld
quartus_map --read_settings_files=on --write_settings_files=off dcj11_helloworld -c dcj11_helloworld
quartus_cdb --read_settings_files=off --write_settings_files=off dcj11_helloworld -c dcj11_helloworld --merge=on
quartus_fit --read_settings_files=off --write_settings_files=off dcj11_helloworld -c dcj11_helloworld
quartus_asm --read_settings_files=off --write_settings_files=off dcj11_helloworld -c dcj11_helloworld
quartus_sta dcj11_helloworld -c dcj11_helloworld
quartus_map --read_settings_files=on --write_settings_files=off dcj11_helloworld -c dcj11_helloworld
quartus_cdb --read_settings_files=off --write_settings_files=off dcj11_helloworld -c dcj11_helloworld --merge=on
quartus_fit --read_settings_files=off --write_settings_files=off dcj11_helloworld -c dcj11_helloworld
quartus_asm --read_settings_files=off --write_settings_files=off dcj11_helloworld -c dcj11_helloworld
quartus_sta dcj11_helloworld -c dcj11_helloworld
quartus_map --read_settings_files=on --write_settings_files=off dcj11_helloworld -c dcj11_helloworld
quartus_cdb --read_settings_files=off --write_settings_files=off dcj11_helloworld -c dcj11_helloworld --merge=on
quartus_fit --read_settings_files=off --write_settings_files=off dcj11_helloworld -c dcj11_helloworld
quartus_asm --read_settings_files=off --write_settings_files=off dcj11_helloworld -c dcj11_helloworld
quartus_sta dcj11_helloworld -c dcj11_helloworld
quartus_map --read_settings_files=on --write_settings_files=off dcj11_helloworld -c dcj11_helloworld
quartus_cdb --read_settings_files=off --write_settings_files=off dcj11_helloworld -c dcj11_helloworld --merge=on
quartus_fit --read_settings_files=off --write_settings_files=off dcj11_helloworld -c dcj11_helloworld
quartus_asm --read_settings_files=off --write_settings_files=off dcj11_helloworld -c dcj11_helloworld
quartus_sta dcj11_helloworld -c dcj11_helloworld
quartus_map --read_settings_files=on --write_settings_files=off dcj11_helloworld -c dcj11_helloworld
quartus_cdb --read_settings_files=off --write_settings_files=off dcj11_helloworld -c dcj11_helloworld --merge=on
quartus_fit --read_settings_files=off --write_settings_files=off dcj11_helloworld -c dcj11_helloworld
quartus_asm --read_settings_files=off --write_settings_files=off dcj11_helloworld -c dcj11_helloworld
quartus_sta dcj11_helloworld -c dcj11_helloworld
quartus_map --read_settings_files=on --write_settings_files=off dcj11_helloworld -c dcj11_helloworld
quartus_cdb --read_settings_files=off --write_settings_files=off dcj11_helloworld -c dcj11_helloworld --merge=on
quartus_fit --read_settings_files=off --write_settings_files=off dcj11_helloworld -c dcj11_helloworld
quartus_asm --read_settings_files=off --write_settings_files=off dcj11_helloworld -c dcj11_helloworld
quartus_sta dcj11_helloworld -c dcj11_helloworld
quartus_map --read_settings_files=on --write_settings_files=off dcj11_helloworld -c dcj11_helloworld
quartus_cdb --read_settings_files=off --write_settings_files=off dcj11_helloworld -c dcj11_helloworld --merge=on
quartus_fit --read_settings_files=off --write_settings_files=off dcj11_helloworld -c dcj11_helloworld
quartus_asm --read_settings_files=off --write_settings_files=off dcj11_helloworld -c dcj11_helloworld
quartus_sta dcj11_helloworld -c dcj11_helloworld
quartus_map --read_settings_files=on --write_settings_files=off dcj11_helloworld -c dcj11_helloworld
quartus_map --read_settings_files=on --write_settings_files=off dcj11_helloworld -c dcj11_helloworld
quartus_cdb --read_settings_files=off --write_settings_files=off dcj11_helloworld -c dcj11_helloworld --merge=on
quartus_fit --read_settings_files=off --write_settings_files=off dcj11_helloworld -c dcj11_helloworld
quartus_asm --read_settings_files=off --write_settings_files=off dcj11_helloworld -c dcj11_helloworld
quartus_sta dcj11_helloworld -c dcj11_helloworld
quartus_map --read_settings_files=on --write_settings_files=off dcj11_helloworld -c dcj11_helloworld
quartus_cdb --read_settings_files=off --write_settings_files=off dcj11_helloworld -c dcj11_helloworld --merge=on
quartus_fit --read_settings_files=off --write_settings_files=off dcj11_helloworld -c dcj11_helloworld
quartus_asm --read_settings_files=off --write_settings_files=off dcj11_helloworld -c dcj11_helloworld
quartus_sta dcj11_helloworld -c dcj11_helloworld
quartus_map --read_settings_files=on --write_settings_files=off dcj11_helloworld -c dcj11_helloworld
quartus_cdb --read_settings_files=off --write_settings_files=off dcj11_helloworld -c dcj11_helloworld --merge=on
quartus_fit --read_settings_files=off --write_settings_files=off dcj11_helloworld -c dcj11_helloworld
quartus_asm --read_settings_files=off --write_settings_files=off dcj11_helloworld -c dcj11_helloworld
quartus_sta dcj11_helloworld -c dcj11_helloworld



